NOTICE:  CPU: STM32MP157FAC Rev.Z
NOTICE:  Model: STMicroelectronics STM32MP157F-DK2 Discovery Board
NOTICE:  Board: MB1272 Var4.0 Rev.C-02
NOTICE:  BL2: v2.10-stm32mp1-r2.0(release):lts-v2.10.13-dirty(b1f57509)
NOTICE:  BL2: Built : 17:10:59, Feb 14 2025
NOTICE:  BL2: Booting BL32
I/TC: Early console on UART#4
I/TC:
I/TC:
I/TC: Pager is enabled. Hashes: 3328 bytes
I/TC: Pager pool size: 84kB
I/TC: No non-secure external DT
I/TC: Embedded DTB found
I/TC: OP-TEE version: 4.7.0 (gcc version 13.2.1 20231009 (Arm GNU Toolchain 13.2.rel1 (Build arm-13.7))) #1 Fri Jul 11 09:17:33 UTC 2025 arm
I/TC: WARNING: This OP-TEE configuration might be insecure!
I/TC: WARNING: Please check https://optee.readthedocs.io/en/latest/architecture/porting_guidelines.html
I/TC: Primary CPU initializing
I/TC: RCC is non-secure
I/TC: WARNING: RCC tzen:0, insecure ETZPC hardening 10:ETZPC_DECPROT_NS_R_S_W
I/TC: WARNING: RCC tzen:0, insecure ETZPC hardening 11:ETZPC_DECPROT_NS_R_S_W
I/TC: WARNING: RCC tzen:0, insecure ETZPC hardening 0:ETZPC_DECPROT_S_RW
I/TC: WARNING: RCC tzen:0, insecure ETZPC hardening 1:ETZPC_DECPROT_S_RW
I/TC: WARNING: RCC tzen:0, insecure ETZPC hardening 2:ETZPC_DECPROT_S_RW
I/TC: Platform stm32mp1: flavor 157C_DK2 - DT stm32mp157c-dk2.dts
I/TC: DTB enables console
I/TC: HUK unlocked
I/TC: Primary CPU switching to normal world boot
serial_stm32 serial@40010000: pinctrl_select_state_full: uclass_get_device_by_phandle_id: err=-19


U-Boot 2026.01-rc4-dirty (Dec 08 2025 - 18:54:47 +0000)

CPU: STM32MP157FAC Rev.Z
Model: STMicroelectronics STM32MP157F-DK2 Discovery Board
Board: stm32mp1 in trusted mode (st,stm32mp157f-dk2)
Board: MB1272 Var4.0 Rev.C-02
DRAM:  512 MiB
trace: initialized, enabled
Clocks:
- MPU : 650 MHz
- MCU : 208.878 MHz
- AXI : 266.500 MHz
- PER : 24 MHz
- DDR : 533 MHz
Core:  127 devices, 38 uclasses, devicetree: separate
WDT:   Started watchdog@5a002000 with servicing every 1000ms (32s timeout)
NAND:  0 MiB
MMC:   STM32 SD/MMC: 0, STM32 SD/MMC: 1
Loading Environment from MMC... Reading from MMC(0)... *** Warning - bad CRC, using default environment

In:    serial
Out:   serial
Err:   serial
Net:   eth0: ethernet@5800a000

Hit any key to stop autoboot: 0
8869800 bytes read in 375 ms (22.6 MiB/s)
55845 bytes read in 4 ms (13.3 MiB/s)
Kernel image @ 0xc2000000 [ 0x000000 - 0x8757a8 ]
## Flattened Device Tree blob at c4000000
   Booting using the fdt blob at 0xc4000000
Working FDT set to c4000000
   Loading Device Tree to cffef000, end cffffa24 ... OK
Working FDT set to cffef000

Starting kernel ...(fake run for tracing)


Starting kernel ...

[    0.000000] Booting Linux on physical CPU 0x0
[    0.000000] Linux version 6.18.0-yocto-standard-amy-g5ed909977030 (oe-user@oe-host) (arm-poky-linux-gnueabi-gcc (GCC) 13.4.0, GNU ld (GNU Binutils) 2.42.0.20240723) #1 SMP PREEMPT Sun Nov 30 22:42:10 UTC 2025
[    0.000000] CPU: ARMv7 Processor [410fc075] revision 5 (ARMv7), cr=50c5387d
[    0.000000] CPU: div instructions available: patching division code
[    0.000000] CPU: PIPT / VIPT nonaliasing data cache, VIPT aliasing instruction cache
[    0.000000] OF: fdt: Machine model: STMicroelectronics STM32MP157F-DK2 AMY
[    0.000000] earlycon: stm32 at MMIO 0x40010000 (options '115200n8')
[    0.000000] printk: legacy bootconsole [stm32] enabled
[    0.000000] Memory policy: Data cache writealloc
[    0.000000] Ignoring RAM at 0xde000000-0xe0000000
[    0.000000] Consider using a HIGHMEM enabled kernel.
[    0.000000] Zone ranges:
[    0.000000]   Normal   [mem 0x00000000c0000000-0x00000000ddffffff]
[    0.000000] Movable zone start for each node
[    0.000000] Early memory node ranges
[    0.000000]   node   0: [mem 0x00000000c0000000-0x00000000ddffffff]
[    0.000000] Initmem setup node 0 [mem 0x00000000c0000000-0x00000000ddffffff]
[    0.000000] Reserved memory: created DMA memory pool at 0x10000000, size 0 MiB
[    0.000000] OF: reserved mem: initialized node mcuram2@10000000, compatible id shared-dma-pool
[    0.000000] OF: reserved mem: 0x10000000..0x1003ffff (256 KiB) nomap non-reusable mcuram2@10000000
[    0.000000] Reserved memory: created DMA memory pool at 0x10040000, size 0 MiB
[    0.000000] OF: reserved mem: initialized node vdev0vring0@10040000, compatible id shared-dma-pool
[    0.000000] OF: reserved mem: 0x10040000..0x10040fff (4 KiB) nomap non-reusable vdev0vring0@10040000
[    0.000000] Reserved memory: created DMA memory pool at 0x10041000, size 0 MiB
[    0.000000] OF: reserved mem: initialized node vdev0vring1@10041000, compatible id shared-dma-pool
[    0.000000] OF: reserved mem: 0x10041000..0x10041fff (4 KiB) nomap non-reusable vdev0vring1@10041000
[    0.000000] Reserved memory: created DMA memory pool at 0x10042000, size 0 MiB
[    0.000000] OF: reserved mem: initialized node vdev0buffer@10042000, compatible id shared-dma-pool
[    0.000000] OF: reserved mem: 0x10042000..0x10045fff (16 KiB) nomap non-reusable vdev0buffer@10042000
[    0.000000] Reserved memory: created DMA memory pool at 0x30000000, size 0 MiB
[    0.000000] OF: reserved mem: initialized node mcuram@30000000, compatible id shared-dma-pool
[    0.000000] OF: reserved mem: 0x30000000..0x3003ffff (256 KiB) nomap non-reusable mcuram@30000000
[    0.000000] Reserved memory: created DMA memory pool at 0x38000000, size 0 MiB
[    0.000000] OF: reserved mem: initialized node retram@38000000, compatible id shared-dma-pool
[    0.000000] OF: reserved mem: 0x38000000..0x3800ffff (64 KiB) nomap non-reusable retram@38000000
[    0.000000] OF: reserved mem: 0xde000000..0xdfffffff (32768 KiB) nomap non-reusable optee@de000000
[    0.000000] psci: probing for conduit method from DT.
[    0.000000] psci: PSCIv1.0 detected in firmware.
[    0.000000] psci: Using standard PSCI v0.2 function IDs
[    0.000000] psci: MIGRATE_INFO_TYPE not supported.
[    0.000000] psci: SMC Calling Convention v1.1
[    0.000000] percpu: Embedded 15 pages/cpu s37772 r0 d23668 u61440
[    0.000000] Kernel command line: console=ttySTM0,115200 earlycon root=PARTLABEL=rootfs rootfstype=ext4 rw rootwait
[    0.000000] printk: log buffer data + meta data: 65536 + 204800 = 270336 bytes
[    0.000000] Dentry cache hash table entries: 65536 (order: 6, 262144 bytes, linear)
[    0.000000] Inode-cache hash table entries: 32768 (order: 5, 131072 bytes, linear)
[    0.000000] Built 1 zonelists, mobility grouping on.  Total pages: 122880
[    0.000000] mem auto-init: stack:all(zero), heap alloc:off, heap free:off
[    0.000000] SLUB: HWalign=64, Order=0-3, MinObjects=0, CPUs=2, Nodes=1
[    0.000000] rcu: Preemptible hierarchical RCU implementation.
[    0.000000] rcu:     RCU event tracing is enabled.
[    0.000000]  Trampoline variant of Tasks RCU enabled.
[    0.000000]  Tracing variant of Tasks RCU enabled.
[    0.000000] rcu: RCU calculated value of scheduler-enlistment delay is 10 jiffies.
[    0.000000] RCU Tasks: Setting shift to 1 and lim to 1 rcu_task_cb_adjust=1 rcu_task_cpu_ids=2.
[    0.000000] RCU Tasks Trace: Setting shift to 1 and lim to 1 rcu_task_cb_adjust=1 rcu_task_cpu_ids=2.
[    0.000000] NR_IRQS: 16, nr_irqs: 16, preallocated irqs: 16
[    0.000000] rcu: srcu_init: Setting srcu_struct sizes based on contention.
[    0.000000] arch_timer: cp15 timer running at 24.00MHz (virt).
[    0.000000] clocksource: arch_sys_counter: mask: 0xffffffffffffff max_cycles: 0x588fe9dc0, max_idle_ns: 440795202592 ns
[    0.000002] sched_clock: 56 bits at 24MHz, resolution 41ns, wraps every 4398046511097ns
[    0.008048] Switching to timer-based delay loop, resolution 41ns
[    0.015016] Console: colour dummy device 80x30
[    0.018585] Calibrating delay loop (skipped), value calculated using timer frequency.. 48.00 BogoMIPS (lpj=240000)
[    0.028979] CPU: Testing write buffer coherency: ok
[    0.033861] pid_max: default: 32768 minimum: 301
[    0.038693] stackdepot: allocating hash table of 32768 entries via kvcalloc
[    0.045903] stackdepot: allocating space for 8192 stack pools via kvcalloc
[    0.052558] Mount-cache hash table entries: 1024 (order: 0, 4096 bytes, linear)
[    0.059790] Mountpoint-cache hash table entries: 1024 (order: 0, 4096 bytes, linear)
[    0.068994] CPU0: update cpu_capacity 1024
[    0.071763] CPU0: thread -1, cpu 0, socket 0, mpidr 80000000
[    0.077386] cacheinfo: Unable to detect cache hierarchy for CPU 0
[    0.085691] Setting up static identity map for 0xc0100000 - 0xc0100054
[    0.091097] rcu: Hierarchical SRCU implementation.
[    0.095672] rcu:     Max phase no-delay instances is 1000.
[    0.101414] Timer migration: 1 hierarchy levels; 8 children per group; 1 crossnode level
[    0.110708] smp: Bringing up secondary CPUs ...
I/TC: Secondary I/TC: Secondary CPU 1 switching to normal world boot
[    0.121420] CPU1: update cpu_capacity 1024
[    0.121449] CPU1: thread -1, cpu 1, socket 0, mpidr 80000001
[    0.121806] smp: Brought up 1 node, 2 CPUs
[    0.134272] SMP: Total of 2 processors activated (96.00 BogoMIPS).
[    0.140539] CPU: All CPU(s) started in SVC mode.
[    0.145336] Memory: 468520K/491520K available (9216K kernel code, 1164K rwdata, 3124K rodata, 1024K init, 193K bss, 20808K reserved, 0K cma-reserved)
[    0.159455] devtmpfs: initialized
[    0.189107] VFP support v0.3: implementor 41 architecture 2 part 30 variant 7 rev 5
[    0.196396] clocksource: jiffies: mask: 0xffffffff max_cycles: 0xffffffff, max_idle_ns: 19112604462750000 ns
[    0.205379] posixtimers hash table entries: 1024 (order: 1, 8192 bytes, linear)
[    0.212705] futex hash table entries: 512 (32768 bytes on 1 NUMA nodes, total 32 KiB, linear).
[    0.221641] pinctrl core: initialized pinctrl subsystem
[    0.228997] NET: Registered PF_NETLINK/PF_ROUTE protocol family
[    0.234069] DMA: preallocated 256 KiB pool for atomic coherent allocations
[    0.242731] cpuidle: using governor menu
[    0.245877] hw-breakpoint: found 5 (+1 reserved) breakpoint and 4 watchpoint registers.
[    0.253267] hw-breakpoint: maximum watchpoint size is 8 bytes.
[    0.259685] Serial: AMBA PL011 UART driver
[    0.280670] /soc/bus@5c007000/audio-controller@4000b000: Fixed dependency cycle(s) with /soc/bus@5c007000/i2c@40012000/hdmi-transmitter@39
[    0.291977] /soc/bus@5c007000/i2c@40012000/hdmi-transmitter@39: Fixed dependency cycle(s) with /soc/bus@5c007000/audio-controller@4000b000
[    0.304386] /soc/bus@5c007000/i2c@40012000/cs42l51@4a: Fixed dependency cycle(s) with /soc/bus@5c007000/sai@4400b000/audio-controller@4400b024
[    0.317194] /soc/bus@5c007000/i2c@40012000/cs42l51@4a: Fixed dependency cycle(s) with /soc/bus@5c007000/sai@4400b000/audio-controller@4400b004
[    0.330202] /soc/bus@5c007000/sai@4400b000/audio-controller@4400b004: Fixed dependency cycle(s) with /soc/bus@5c007000/i2c@40012000/cs42l51@4a
[    0.342969] /soc/bus@5c007000/sai@4400b000/audio-controller@4400b024: Fixed dependency cycle(s) with /soc/bus@5c007000/i2c@40012000/cs42l51@4a
[    0.355801] /soc/bus@5c007000/sai@4400b000/audio-controller@4400b024: Fixed dependency cycle(s) with /soc/bus@5c007000/sai@4400b000/audio-controller@4400b004
[    0.377073] /soc/bus@5c007000/audio-controller@4000b000: Fixed dependency cycle(s) with /soc/bus@5c007000/i2c@40012000/hdmi-transmitter@39
[    0.388667] /soc/bus@5c007000/i2c@40012000/hdmi-transmitter@39: Fixed dependency cycle(s) with /soc/bus@5c007000/audio-controller@4000b000
[    0.400787] /soc/bus@5c007000/i2c@40012000/cs42l51@4a: Fixed dependency cycle(s) with /soc/bus@5c007000/sai@4400b000/audio-controller@4400b024
[    0.413590] /soc/bus@5c007000/i2c@40012000/cs42l51@4a: Fixed dependency cycle(s) with /soc/bus@5c007000/sai@4400b000/audio-controller@4400b004
[    0.426601] /soc/bus@5c007000/sai@4400b000/audio-controller@4400b004: Fixed dependency cycle(s) with /soc/bus@5c007000/i2c@40012000/cs42l51@4a
[    0.439354] /soc/bus@5c007000/sai@4400b000/audio-controller@4400b024: Fixed dependency cycle(s) with /soc/bus@5c007000/i2c@40012000/cs42l51@4a
[    0.452198] /soc/bus@5c007000/sai@4400b000/audio-controller@4400b024: Fixed dependency cycle(s) with /soc/bus@5c007000/sai@4400b000/audio-controller@4400b004
[    0.467048] /soc/bus@5c007000/audio-controller@4000b000: Fixed dependency cycle(s) with /soc/bus@5c007000/i2c@40012000/hdmi-transmitter@39
[    0.481247] /soc/bus@5c007000/i2c@40012000/hdmi-transmitter@39: Fixed dependency cycle(s) with /soc/bus@5c007000/audio-controller@4000b000
[    0.492581] /soc/bus@5c007000/i2c@40012000/cs42l51@4a: Fixed dependency cycle(s) with /soc/bus@5c007000/sai@4400b000/audio-controller@4400b024
[    0.505260] /soc/bus@5c007000/i2c@40012000/cs42l51@4a: Fixed dependency cycle(s) with /soc/bus@5c007000/sai@4400b000/audio-controller@4400b004
[    0.519494] /soc/bus@5c007000/sai@4400b000/audio-controller@4400b004: Fixed dependency cycle(s) with /soc/bus@5c007000/i2c@40012000/cs42l51@4a
[    0.531039] /soc/bus@5c007000/sai@4400b000/audio-controller@4400b024: Fixed dependency cycle(s) with /soc/bus@5c007000/i2c@40012000/cs42l51@4a
[    0.543878] /soc/bus@5c007000/sai@4400b000/audio-controller@4400b024: Fixed dependency cycle(s) with /soc/bus@5c007000/sai@4400b000/audio-controller@4400b004
[    0.570489] raid6: skipped pq benchmark and selected neonx8
[    0.574649] raid6: using neon recovery algorithm
[    0.586405] SCSI subsystem initialized
[    0.589801] usbcore: registered new interface driver usbfs
[    0.594295] usbcore: registered new interface driver hub
[    0.599802] usbcore: registered new device driver usb
[    0.605214] pps_core: LinuxPPS API ver. 1 registered
[    0.609712] pps_core: Software ver. 5.3.6 - Copyright 2005-2007 Rodolfo Giometti <giometti@linux.it>
[    0.618867] PTP clock support registered
[    0.623075] scmi_core: SCMI protocol bus registered
[    0.630701] clocksource: Switched to clocksource arch_sys_counter
[    0.653818] NET: Registered PF_INET protocol family
[    0.657626] IP idents hash table entries: 8192 (order: 4, 65536 bytes, linear)
[    0.666571] tcp_listen_portaddr_hash hash table entries: 512 (order: 0, 4096 bytes, linear)
[    0.673732] Table-perturb hash table entries: 65536 (order: 6, 262144 bytes, linear)
[    0.681381] TCP established hash table entries: 4096 (order: 2, 16384 bytes, linear)
[    0.689164] TCP bind hash table entries: 4096 (order: 4, 65536 bytes, linear)
[    0.696473] TCP: Hash tables configured (established 4096 bind 4096)
[    0.702849] UDP hash table entries: 256 (order: 2, 14336 bytes, linear)
[    0.709373] UDP-Lite hash table entries: 256 (order: 2, 14336 bytes, linear)
[    0.716791] NET: Registered PF_UNIX/PF_LOCAL protocol family
[    0.724636] Initialise system trusted keyrings
[    0.728174] workingset: timestamp_bits=14 max_order=17 bucket_order=3
[    0.734760] squashfs: version 4.0 (2009/01/31) Phillip Lougher
[    0.740045] jffs2: version 2.2. (NAND) Â© 2001-2006 Red Hat, Inc.
[    0.747623] cryptd: max_cpu_qlen set to 1000
[    1.117151] NET: Registered PF_ALG protocol family
[    1.120605] xor: measuring software checksum speed
[    1.129280]    arm4regs        :   840 MB/sec
[    1.138815]    8regs           :   498 MB/sec
[    1.148336]    32regs          :   498 MB/sec
[    1.155087]    neon            :   859 MB/sec
[    1.157996] xor: using function: neon (859 MB/sec)
[    1.162843] Key type asymmetric registered
[    1.166925] Asymmetric key parser 'x509' registered
[    1.172023] Block layer SCSI generic (bsg) driver version 0.4 loaded (major 240)
[    1.179266] io scheduler mq-deadline registered
[    1.183854] io scheduler kyber registered
[    1.187919] io scheduler bfq registered
[    1.192219] /soc/interrupt-controller@5000d000: bank0
[    1.196763] /soc/interrupt-controller@5000d000: bank1
[    1.201904] /soc/interrupt-controller@5000d000: bank2
[    1.207582] Registering stm32-etzpc firewall controller
[    1.217740] ledtrig-cpu: registered to indicate activity on CPUs
[    1.228251] STM32 USART driver initialized
[    1.251891] brd: module loaded
[    1.266457] loop: module loaded
[    1.276225] CAN device driver interface
[    1.280109] usbcore: registered new interface driver asix
[    1.284243] usbcore: registered new interface driver ax88179_178a
[    1.290262] usbcore: registered new interface driver cdc_ether
[    1.296161] usbcore: registered new interface driver net1080
[    1.301846] usbcore: registered new interface driver cdc_subset
[    1.307764] usbcore: registered new interface driver zaurus
[    1.313427] usbcore: registered new interface driver cdc_ncm
[    1.319052] usbcore: registered new interface driver r8153_ecm
[    1.327210] usbcore: registered new interface driver cdc_acm
[    1.331510] cdc_acm: USB Abstract Control Model driver for USB modems and ISDN adapters
[    1.339959] usbcore: registered new interface driver uas
[    1.344965] usbcore: registered new interface driver usb-storage
[    1.351047] usbcore: registered new interface driver ftdi_sio
[    1.356692] usbserial: USB Serial support registered for FTDI USB Serial Device
[    1.366156] UDC core: g_ether: couldn't find an available UDC
[    1.371005] usbcore: registered new device driver usbip-host
[    1.379854] device-mapper: ioctl: 4.50.0-ioctl (2025-04-28) initialised: dm-devel@lists.linux.dev
[    1.388185] sdhci: Secure Digital Host Controller Interface driver
[    1.393586] sdhci: Copyright(c) Pierre Ossman
[    1.397927] Synopsys Designware Multimedia Card Interface Driver
[    1.404525] sdhci-pltfm: SDHCI platform and OF driver helper
[    1.411989] usbcore: registered new interface driver usbhid
[    1.416133] usbhid: USB HID core driver
[    1.424908] hw perfevents: enabled with armv7_cortex_a7 PMU driver, 5 (8000000f) counters available
[    1.434779] optee: probing for conduit method.
I/TC: Reserved shared memory is enabled
I/TC: Dynamic shared memory is enabled
I/TC: Normal World virtualization support is disabled
I/TC: Asynchronous notifications are disabled
[    1.437804] optee: revision 4.7 (86846f4f)
[    1.455964] optee: dynamic shared memory is enabled
[    1.470892] arm-scmi arm-scmi.0.auto: Using scmi_optee_transport
[    1.475491] arm-scmi arm-scmi.0.auto: SCMI max-rx-timeout: 30ms / max-msg-size: 104bytes / max-msg: 20
[    1.486204] scmi_protocol scmi_dev.1: Enabled polling mode TX channel - prot_id:16
[    1.492899] arm-scmi arm-scmi.0.auto: SCMI Notifications - Core Enabled.
[    1.515037] arm-scmi arm-scmi.0.auto: SCMI Protocol v2.0 'ST:' Firmware version 0x0
[    1.521463] arm-scmi arm-scmi.0.auto: Enabling SCMI Quirk [quirk_clock_rates_triplet_out_of_spec]
[    1.926419] scmi-regulator scmi_dev.4: Regulator reg11 registered for domain [0]
[    1.933279] scmi-regulator scmi_dev.4: Regulator reg18 registered for domain [1]
[    1.940639] scmi-regulator scmi_dev.4: Regulator usb33 registered for domain [2]
[    1.948448] scmi-regulator scmi_dev.4: Regulator vddcore registered for domain [3]
[    1.956060] scmi-regulator scmi_dev.4: Regulator vdd registered for domain [5]
[    1.963284] scmi-regulator scmi_dev.4: Regulator v3v3 registered for domain [6]
[    1.970573] scmi-regulator scmi_dev.4: Regulator v1v8_audio registered for domain [7]
[    1.978546] scmi-regulator scmi_dev.4: Regulator v3v3_hdmi registered for domain [8]
[    1.986093] scmi-regulator scmi_dev.4: Regulator vdd_usb registered for domain [10]
[    1.994007] scmi-regulator scmi_dev.4: Regulator vdda registered for domain [11]
[    2.001640] scmi-regulator scmi_dev.4: Regulator v1v2_hdmi registered for domain [12]
[    2.008989] scmi-regulator scmi_dev.4: Regulator vbus_otg registered for domain [15]
[    2.016830] scmi-regulator scmi_dev.4: Regulator vbus_sw registered for domain [16]
[    2.027347] optee: initialized driver
[    2.031675] NET: Registered PF_PACKET protocol family
[    2.035307] can: controller area network core
[    2.039783] NET: Registered PF_CAN protocol family
[    2.044566] can: raw protocol
[    2.047475] can: broadcast manager protocol
[    2.051745] can: netlink gateway - max_hops=1
[    2.056369] Key type dns_resolver registered
[    2.060441] ThumbEE CPU extension supported.
[    2.064683] Registering SWP/SWPB emulation handler
[    2.089864] Loading compiled-in X.509 certificates
[    2.115614] Btrfs loaded, debug=on, zoned=no, fsverity=no
[    2.151487] stm32mp157-pinctrl soc:pinctrl@50002000: GPIOA bank added
[    2.157571] stm32mp157-pinctrl soc:pinctrl@50002000: GPIOB bank added
[    2.163979] stm32mp157-pinctrl soc:pinctrl@50002000: GPIOC bank added
[    2.170532] stm32mp157-pinctrl soc:pinctrl@50002000: GPIOD bank added
[    2.176916] stm32mp157-pinctrl soc:pinctrl@50002000: GPIOE bank added
[    2.183574] stm32mp157-pinctrl soc:pinctrl@50002000: GPIOF bank added
[    2.190055] stm32mp157-pinctrl soc:pinctrl@50002000: GPIOG bank added
[    2.196664] stm32mp157-pinctrl soc:pinctrl@50002000: GPIOH bank added
[    2.202992] stm32mp157-pinctrl soc:pinctrl@50002000: GPIOI bank added
[    2.208426] stm32mp157-pinctrl soc:pinctrl@50002000: Pinctrl STM32 initialized
[    2.219809] stm32mp157-pinctrl soc:pinctrl@54004000: GPIOZ bank added
[    2.225022] stm32mp157-pinctrl soc:pinctrl@54004000: Pinctrl STM32 initialized
[    2.235167] stm32-dma 48000000.dma-controller: STM32 DMA driver registered
[    2.243746] stm32-dma 48001000.dma-controller: STM32 DMA driver registered
[    2.254654] stm32-mdma 58000000.dma-controller: STM32 MDMA driver registered
[    2.266336] 4000e000.serial: ttySTM3 at MMIO 0x4000e000 (irq = 47, base_baud = 4000000) is a stm32-usart
[    2.275182] serial serial0: tty port ttySTM3 registered
[    2.282536] random: crng init done
[    2.283884] stm32-dwmac 5800a000.ethernet: IRQ eth_wake_irq not found
[    2.291096] stm32-dwmac 5800a000.ethernet: IRQ eth_lpi not found
[    2.297058] stm32-dwmac 5800a000.ethernet: IRQ sfty not found
[    2.304571] stm32-dwmac 5800a000.ethernet: User ID: 0x40, Synopsys ID: 0x42
[    2.310154] stm32-dwmac 5800a000.ethernet:   DWMAC4/5
[    2.315258] stm32-dwmac 5800a000.ethernet: DMA HW capability register supported
[    2.322504] stm32-dwmac 5800a000.ethernet: RX Checksum Offload Engine supported
[    2.329817] stm32-dwmac 5800a000.ethernet: TX Checksum insertion supported
[    2.336755] stm32-dwmac 5800a000.ethernet: Wake-Up On Lan supported
[    2.343233] stm32-dwmac 5800a000.ethernet: TSO supported
[    2.348369] stm32-dwmac 5800a000.ethernet: Enable RX Mitigation via HW Watchdog Timer
[    2.356278] stm32-dwmac 5800a000.ethernet: Enabled L3L4 Flow TC (entries=2)
[    2.363266] stm32-dwmac 5800a000.ethernet: Enabled RFS Flow TC (entries=10)
[    2.370242] stm32-dwmac 5800a000.ethernet: TSO feature enabled
[    2.376133] stm32-dwmac 5800a000.ethernet: Using 32/32 bits DMA host/device width
[    2.398288] stm32_rtc 5c004000.rtc: rtc_ck is slow
[    2.401931] ehci-platform 5800d000.usb: EHCI Host Controller
[    2.407390] ehci-platform 5800d000.usb: new USB bus registered, assigned bus number 1
[    2.415520] ehci-platform 5800d000.usb: irq 49, io mem 0x5800d000
[    2.440734] ehci-platform 5800d000.usb: USB 2.0 started, EHCI 1.00
[    2.447136] hub 1-0:1.0: USB hub found
[    2.449516] hub 1-0:1.0: 2 ports detected
[    2.504954] stm32_rtc 5c004000.rtc: Can't enter in init mode. Prescaler config failed.
[    2.511827] stm32_rtc 5c004000.rtc: probe with driver stm32_rtc failed with error -110
[    2.532422] mmci-pl18x 58005000.mmc: Got CD GPIO
[    2.540864] mmci-pl18x 58007000.mmc: allocated mmc-pwrseq
[    2.540864] mmci-pl18x 58005000.mmc: mmc0: PL180 manf 53 rev2 at 0x58005000 irq 53,0 (pio)
[    2.541956] stm32-hash 54002000.hash: will run requests pump with realtime priority
[    2.546014] mmci-pl18x 58007000.mmc: mmc1: PL180 manf 53 rev2 at 0x58007000 irq 54,0 (pio)
[    2.554430] stm32-hash 54002000.hash: Init HASH done HW ver 23 DMA mode 1
[    2.578476] stm32-cryp 54001000.cryp: will run requests pump with realtime priority
[    2.584972] stm32-cryp 54001000.cryp: Initialized
[    2.592102] stm32-ipcc 4c001000.mailbox: ipcc rev:1.0 enabled, 6 chans, proc 0
[    2.599255] stm32-rproc 10000000.m4: wdg irq registered
[    2.604258] remoteproc remoteproc0: m4 is available
[    2.618092] stm32-usart 40010000.serial: interrupt mode for rx (no dma)
[    2.620004] mmc0: new high speed SDHC card at address 59b4
[    2.623440] stm32-usart 40010000.serial: interrupt mode for tx (no dma)
[    2.630245] mmcblk0: mmc0:59b4 USDU1 14.9 GiB
[    2.639898] 40010000.serial: ttySTM0 at MMIO 0x40010000 (irq = 62, base_baud = 4000000) is a stm32-usart
[    2.650979] GPT:Primary header thinks Alt. header is not at the end of the disk.
[    2.651015] printk: legacy console [ttySTM0] enabled
[    2.657053] GPT:175951 != 31176703
[    2.662030] printk: legacy bootconsole [stm32] disabled
[    2.665463] GPT:Alternate GPT header not at the end of the disk.
[    2.650979] GPT:Primary header thinks Alt. header is not at the end of the disk.
[    2.651015] printk: legacy console [ttySTM0] enabled
[    2.657053] GPT:175951 != 31176703
[    2.662030] printk: legacy bootconsole [stm32] disabled
[    2.665463] GPT:Alternate GPT header not at the end of the disk.
[    2.703854] GPT:175951 != 31176703
[    2.707338] GPT: Use GNU Parted to correct GPT errors.
[    2.712532]  mmcblk0: p1 p2 p3 p4 p5 p6 p7 p8 p9
[    2.730795] usb 1-1: new high-speed USB device number 2 using ehci-platform
[    2.752777] clk: Disabling unused clocks
[    2.821874] PM: genpd: Disabling unused power domains
[    2.827071] check access for rdinit=/init failed: -2, ignoring
[    2.827078] mmc1: new high speed SDIO card at address 0001
[    2.912590] hub 1-1:1.0: USB hub found
[    2.915108] hub 1-1:1.0: 4 ports detected
[    3.111646] EXT4-fs (mmcblk0p9): recovery complete
[    3.118444] EXT4-fs (mmcblk0p9): mounted filesystem e84d03a7-ce7f-4e43-8909-c6831e158afa r/w with ordered data mode. Quota mode: disabled.
[    3.129739] VFS: Mounted root (ext4 filesystem) on device 179:9.
[    3.135835] devtmpfs: mounted
[    3.140819] Freeing unused kernel image (initmem) memory: 1024K
[    3.145838] Run /sbin/init as init process
INIT: version 3.04 booting
Starting udev
[    3.683821] udevd[98]: starting version 3.2.14
[    3.732880] udevd[99]: starting eudev-3.2.14
[    4.390819] EXT4-fs (mmcblk0p9): re-mounted e84d03a7-ce7f-4e43-8909-c6831e158afa.
hwclock: can't open '/dev/misc/rtc': No such file or directory
Fri Mar  9 12:34:56 UTC 2018
hwclock: can't open '/dev/misc/rtc': No such file or directory
hwclock: can't open '/dev/misc/rtc': No such file or directory
INIT: Entering runlevel: 5
Configuring network interfaces... [    5.108652] stm32-dwmac 5800a000.ethernet eth0: Register MEM_TYPE_PAGE_POOL RxQ-0
[    5.230738] stm32-dwmac 5800a000.ethernet eth0: PHY [stmmac-0:00] driver [RTL8211F Gigabit Ethernet] (irq=POLL)
[    5.250719] dwmac4: Master AXI performs any burst length
[    5.255727] stm32-dwmac 5800a000.ethernet eth0: No Safety Features support found
[    5.270389] stm32-dwmac 5800a000.ethernet eth0: IEEE 1588-2008 Advanced Timestamp supported
[    5.278014] stm32-dwmac 5800a000.ethernet eth0: registered PTP clock
[    5.283867] stm32-dwmac 5800a000.ethernet eth0: configuring for phy/rgmii-id link mode
udhcpc: started, v1.36.1
udhcpc: broadcasting discover
udhcpc: broadcasting discover
[    9.502773] stm32-dwmac 5800a000.ethernet eth0: Link is Up - 1Gbps/Full - flow control rx/tx
udhcpc: broadcasting discover
udhcpc: broadcasting select for 192.168.10.180, server 192.168.10.6
udhcpc: lease of 192.168.10.180 obtained from 192.168.10.6, lease time 43000
/etc/udhcpc.d/50default: Adding DNS 192.168.10.6
ip: SIOCGIFFLAGS: No such device
Starting Dropbear SSH server: Generating 2048 bit rsa key, this may take a while...
Public key portion is:
ssh-rsa AAAAB3NzaC1yc2EAAAADAQABAAABAQDFhoKaFzxnt7UOY447T16ONF5taweWzAQ5NTCD+WwqfGd66v3RF6W69uCVZVcE35xK2CowmveirmgT+9ZoZcK/nt09pbgzPVAQZqxrIKr5/cWzQYBxEArcBdHsHUW5puUDgWEYZQzVMDylgd2xjumeZRgMAtic5T5/HOqdzA0hD1xOAnWXeWw07X7EozCALuNso9sLGFTJllqTUQQhX46Y+33rr1a4/bGxBg/DvHzNzwbgE3FqzzkMpOrC6IWD8E53zDboq1DCQmJr4X3CX26Ql7sbWuZ8Zv5AZOfISoJnMkw4ZAJ/nKvGMT8A27EPFDhO+yrBUsh06dWislgdYIB9 root@stm32mp157f-dk2
Fingerprint: SHA256:i1oiKC0TU9FT/NyoX0p2JY+ujU5xhVWlWr2KWiHMayw
dropbear.
Starting syslogd/klogd: done

Amy distribution 1.0 stm32mp157f-dk2 /dev/ttySTM0

stm32mp157f-dk2 login: